exports[`Calendar render component without crashing 1`] = `
<div
  className="calendar-container">
  <div
    className="calendar-header">
    <div
      className="calendar-header__year">
      2017
    </div>
    <div
      className="calendar-header__date">
      <span>
        Tue
        ,
      </span>
      <span>
        Mar
      </span>
      <span>
        21
      </span>
    </div>
  </div>
  <div
    className="calendar-body">
    <div
      className="calendar-body__month">
      <button
        className="calendar-body__icon _left"
        onClick={[Function]}>
        <i
          className="fa fa-angle-left">
           
        </i>
      </button>
      March
      <button
        className="calendar-body__icon _right"
        onClick={[Function]}>
        <i
          className="fa fa-angle-right">
           
        </i>
      </button>
    </div>
    <div
      className="calendar-weeks">
      <span
        className="calendar-weeks__day">
        Mon
      </span>
      <span
        className="calendar-weeks__day">
        Tue
      </span>
      <span
        className="calendar-weeks__day">
        Wed
      </span>
      <span
        className="calendar-weeks__day">
        Thu
      </span>
      <span
        className="calendar-weeks__day">
        Fri
      </span>
      <span
        className="calendar-weeks__day">
        Sat
      </span>
      <span
        className="calendar-weeks__day">
        Sun
      </span>
    </div>
    <div>
      <div
        className="calendar-days">
        <div>
          <div
            className="calendar-days__empty" />
        </div>
        <div>
          <div
            className="calendar-days__empty" />
        </div>
        <div>
          <button
            className="calendar-days__day"
            onClick={[Function]}>
            <span>
              1
            </span>
          </button>
        </div>
        <div>
          <button
            className="calendar-days__day"
            onClick={[Function]}>
            <span>
              2
            </span>
          </button>
        </div>
        <div>
          <button
            className="calendar-days__day"
            onClick={[Function]}>
            <span>
              3
            </span>
          </button>
        </div>
        <div>
          <button
            className="calendar-days__day"
            onClick={[Function]}>
            <span>
              4
            </span>
          </button>
        </div>
        <div>
          <button
            className="calendar-days__day"
            onClick={[Function]}>
            <span>
              5
            </span>
          </button>
        </div>
      </div>
      <div
        className="calendar-days">
        <div>
          <button
            className="calendar-days__day"
            onClick={[Function]}>
            <span>
              6
            </span>
          </button>
        </div>
        <div>
          <button
            className="calendar-days__day"
            onClick={[Function]}>
            <span>
              7
            </span>
          </button>
        </div>
        <div>
          <button
            className="calendar-days__day"
            onClick={[Function]}>
            <span>
              8
            </span>
          </button>
        </div>
        <div>
          <button
            className="calendar-days__day"
            onClick={[Function]}>
            <span>
              9
            </span>
          </button>
        </div>
        <div>
          <button
            className="calendar-days__day"
            onClick={[Function]}>
            <span>
              10
            </span>
          </button>
        </div>
        <div>
          <button
            className="calendar-days__day"
            onClick={[Function]}>
            <span>
              11
            </span>
          </button>
        </div>
        <div>
          <button
            className="calendar-days__day"
            onClick={[Function]}>
            <span>
              12
            </span>
          </button>
        </div>
      </div>
      <div
        className="calendar-days">
        <div>
          <button
            className="calendar-days__day"
            onClick={[Function]}>
            <span>
              13
            </span>
          </button>
        </div>
        <div>
          <button
            className="calendar-days__day"
            onClick={[Function]}>
            <span>
              14
            </span>
          </button>
        </div>
        <div>
          <button
            className="calendar-days__day"
            onClick={[Function]}>
            <span>
              15
            </span>
          </button>
        </div>
        <div>
          <button
            className="calendar-days__day"
            onClick={[Function]}>
            <span>
              16
            </span>
          </button>
        </div>
        <div>
          <button
            className="calendar-days__day"
            onClick={[Function]}>
            <span>
              17
            </span>
          </button>
        </div>
        <div>
          <button
            className="calendar-days__day"
            onClick={[Function]}>
            <span>
              18
            </span>
          </button>
        </div>
        <div>
          <button
            className="calendar-days__day"
            onClick={[Function]}>
            <span>
              19
            </span>
          </button>
        </div>
      </div>
      <div
        className="calendar-days">
        <div>
          <button
            className="calendar-days__day"
            onClick={[Function]}>
            <span>
              20
            </span>
          </button>
        </div>
        <div>
          <button
            className="calendar-days__day _selected _today"
            onClick={[Function]}>
            <span>
              21
            </span>
          </button>
        </div>
        <div>
          <button
            className="calendar-days__day"
            onClick={[Function]}>
            <span>
              22
            </span>
          </button>
        </div>
        <div>
          <button
            className="calendar-days__day"
            onClick={[Function]}>
            <span>
              23
            </span>
          </button>
        </div>
        <div>
          <button
            className="calendar-days__day"
            onClick={[Function]}>
            <span>
              24
            </span>
          </button>
        </div>
        <div>
          <button
            className="calendar-days__day"
            onClick={[Function]}>
            <span>
              25
            </span>
          </button>
        </div>
        <div>
          <button
            className="calendar-days__day"
            onClick={[Function]}>
            <span>
              26
            </span>
          </button>
        </div>
      </div>
      <div
        className="calendar-days">
        <div>
          <button
            className="calendar-days__day"
            onClick={[Function]}>
            <span>
              27
            </span>
          </button>
        </div>
        <div>
          <button
            className="calendar-days__day"
            onClick={[Function]}>
            <span>
              28
            </span>
          </button>
        </div>
        <div>
          <button
            className="calendar-days__day"
            onClick={[Function]}>
            <span>
              29
            </span>
          </button>
        </div>
        <div>
          <button
            className="calendar-days__day"
            onClick={[Function]}>
            <span>
              30
            </span>
          </button>
        </div>
        <div>
          <button
            className="calendar-days__day"
            onClick={[Function]}>
            <span>
              31
            </span>
          </button>
        </div>
        <div>
          <div
            className="calendar-days__empty" />
        </div>
        <div>
          <div
            className="calendar-days__empty" />
        </div>
      </div>
    </div>
  </div>
</div>
`;
